\BOOKMARK [1][-]{section.1}{\376\377\000M\000o\000t\000i\000v\000a\000t\000i\000o\000n\000\040\000a\000n\000d\000\040\000s\000c\000o\000p\000e}{}% 1
\BOOKMARK [1][-]{section.2}{\376\377\000D\000e\000s\000i\000g\000n\000\040\000g\000o\000a\000l\000s\000\040\000a\000n\000d\000\040\000n\000o\000n\000-\000g\000o\000a\000l\000s}{}% 2
\BOOKMARK [2][-]{subsection.2.1}{\376\377\000G\000o\000a\000l\000s}{section.2}% 3
\BOOKMARK [2][-]{subsection.2.2}{\376\377\000N\000o\000n\000-\000g\000o\000a\000l\000s}{section.2}% 4
\BOOKMARK [1][-]{section.3}{\376\377\000S\000y\000s\000t\000e\000m\000\040\000o\000v\000e\000r\000v\000i\000e\000w}{}% 5
\BOOKMARK [1][-]{section.4}{\376\377\000A\000r\000c\000h\000i\000v\000a\000l\000\040\000u\000n\000i\000t\000:\000\040\000t\000h\000e\000\040\000p\000a\000p\000e\000r\000\040\000b\000u\000n\000d\000l\000e}{}% 6
\BOOKMARK [2][-]{subsection.4.1}{\376\377\000B\000u\000n\000d\000l\000e\000\040\000c\000o\000n\000t\000e\000n\000t\000s}{section.4}% 7
\BOOKMARK [2][-]{subsection.4.2}{\376\377\000D\000e\000t\000e\000r\000m\000i\000n\000i\000s\000m\000\040\000a\000n\000d\000\040\000r\000e\000p\000r\000o\000d\000u\000c\000i\000b\000i\000l\000i\000t\000y}{section.4}% 8
\BOOKMARK [1][-]{section.5}{\376\377\000I\000d\000e\000n\000t\000i\000t\000y\000,\000\040\000a\000u\000t\000h\000o\000r\000s\000h\000i\000p\000,\000\040\000a\000n\000d\000\040\000a\000c\000c\000o\000u\000n\000t\000a\000b\000i\000l\000i\000t\000y}{}% 9
\BOOKMARK [2][-]{subsection.5.1}{\376\377\000T\000h\000r\000e\000a\000t\000:\000\040\000i\000m\000p\000e\000r\000s\000o\000n\000a\000t\000i\000o\000n\000\040\000a\000n\000d\000\040\000a\000u\000t\000h\000o\000r\000s\000h\000i\000p\000\040\000c\000a\000p\000t\000u\000r\000e}{section.5}% 10
\BOOKMARK [2][-]{subsection.5.2}{\376\377\000A\000u\000t\000h\000o\000r\000\040\000k\000e\000y\000s\000\040\000a\000n\000d\000\040\000s\000i\000g\000n\000a\000t\000u\000r\000e\000s}{section.5}% 11
\BOOKMARK [2][-]{subsection.5.3}{\376\377\000P\000s\000e\000u\000d\000o\000n\000y\000m\000i\000t\000y\000,\000\040\000v\000e\000r\000i\000f\000i\000c\000a\000t\000i\000o\000n\000,\000\040\000a\000n\000d\000\040\000`\000`\000.\000a\000n\000o\000n\000'\000'\000\040\000r\000o\000u\000t\000i\000n\000g}{section.5}% 12
\BOOKMARK [2][-]{subsection.5.4}{\376\377\000K\000e\000y\000\040\000r\000o\000t\000a\000t\000i\000o\000n\000\040\000a\000n\000d\000\040\000r\000e\000c\000o\000v\000e\000r\000y}{section.5}% 13
\BOOKMARK [2][-]{subsection.5.5}{\376\377\000P\000r\000o\000v\000e\000n\000a\000n\000c\000e\000\040\000a\000n\000d\000\040\000t\000i\000m\000e}{section.5}% 14
\BOOKMARK [1][-]{section.6}{\376\377\000S\000c\000a\000l\000i\000n\000g\000:\000\040\000d\000i\000s\000t\000r\000i\000b\000u\000t\000e\000d\000\040\000s\000t\000o\000r\000a\000g\000e\000\040\000a\000n\000d\000\040\000m\000e\000s\000h\000\040\000n\000e\000t\000w\000o\000r\000k\000i\000n\000g}{}% 15
\BOOKMARK [2][-]{subsection.6.1}{\376\377\000N\000a\000m\000i\000n\000g\000\040\000a\000n\000d\000\040\000d\000i\000s\000c\000o\000v\000e\000r\000y}{section.6}% 16
\BOOKMARK [2][-]{subsection.6.2}{\376\377\000T\000r\000a\000n\000s\000f\000e\000r\000\040\000a\000n\000d\000\040\000r\000e\000p\000l\000i\000c\000a\000t\000i\000o\000n}{section.6}% 17
\BOOKMARK [2][-]{subsection.6.3}{\376\377\000T\000o\000w\000a\000r\000d\000\040\000p\000e\000t\000a\000b\000y\000t\000e\000/\000e\000x\000a\000b\000y\000t\000e\000\040\000s\000c\000a\000l\000e}{section.6}% 18
\BOOKMARK [1][-]{section.7}{\376\377\000R\000e\000s\000i\000l\000i\000e\000n\000c\000e\000\040\000a\000n\000d\000\040\000t\000h\000r\000e\000a\000t\000\040\000m\000o\000d\000e\000l}{}% 19
\BOOKMARK [2][-]{subsection.7.1}{\376\377\000A\000d\000v\000e\000r\000s\000a\000r\000i\000e\000s}{section.7}% 20
\BOOKMARK [2][-]{subsection.7.2}{\376\377\000M\000i\000t\000i\000g\000a\000t\000i\000o\000n\000s}{section.7}% 21
\BOOKMARK [2][-]{subsection.7.3}{\376\377\000L\000e\000g\000a\000l\000\040\000p\000r\000e\000s\000s\000u\000r\000e\000\040\000a\000n\000d\000\040\000`\000`\000r\000i\000g\000h\000t\000\040\000t\000o\000\040\000d\000e\000l\000e\000t\000e\000'\000'}{section.7}% 22
\BOOKMARK [1][-]{section.8}{\376\377\000C\000o\000n\000t\000e\000n\000t\000\040\000s\000a\000f\000e\000t\000y\000\040\000f\000l\000o\000o\000r}{}% 23
\BOOKMARK [2][-]{subsection.8.1}{\376\377\000O\000p\000e\000r\000a\000t\000i\000v\000e\000\040\000a\000n\000d\000\040\000p\000r\000o\000s\000p\000e\000c\000t\000i\000v\000e\000\040\000r\000e\000j\000e\000c\000t\000i\000o\000n\000\040\000c\000a\000t\000e\000g\000o\000r\000i\000e\000s}{section.8}% 24
\BOOKMARK [2][-]{subsection.8.2}{\376\377\000T\000e\000c\000h\000n\000i\000c\000a\000l\000\040\000i\000m\000p\000l\000e\000m\000e\000n\000t\000a\000t\000i\000o\000n}{section.8}% 25
\BOOKMARK [2][-]{subsection.8.3}{\376\377\000C\000o\000l\000l\000a\000t\000e\000r\000a\000l\000\040\000e\000x\000c\000l\000u\000s\000i\000o\000n\000\040\000o\000f\000\040\000l\000e\000g\000i\000t\000i\000m\000a\000t\000e\000\040\000r\000e\000s\000e\000a\000r\000c\000h\000:\000\040\000a\000\040\000d\000i\000s\000c\000l\000o\000s\000e\000d\000\040\000c\000o\000n\000s\000e\000q\000u\000e\000n\000c\000e}{section.8}% 26
\BOOKMARK [1][-]{section.9}{\376\377\000E\000c\000o\000n\000o\000m\000i\000c\000s\000:\000\040\000a\000n\000t\000i\000-\000s\000p\000a\000m\000,\000\040\000s\000u\000s\000t\000a\000i\000n\000a\000b\000i\000l\000i\000t\000y\000,\000\040\000a\000n\000d\000\040\000o\000r\000g\000a\000n\000i\000c\000\040\000g\000r\000o\000w\000t\000h}{}% 27
\BOOKMARK [2][-]{subsection.9.1}{\376\377\000S\000p\000a\000m\000\040\000d\000e\000t\000e\000r\000r\000e\000n\000c\000e\000:\000\040\000a\000\040\000l\000a\000y\000e\000r\000e\000d\000\040\000a\000p\000p\000r\000o\000a\000c\000h}{section.9}% 28
\BOOKMARK [2][-]{subsection.9.2}{\376\377\000S\000t\000o\000r\000a\000g\000e\000\040\000s\000u\000s\000t\000a\000i\000n\000a\000b\000i\000l\000i\000t\000y\000:\000\040\000s\000e\000p\000a\000r\000a\000t\000i\000n\000g\000\040\000t\000h\000e\000\040\000i\000n\000c\000e\000n\000t\000i\000v\000e\000\040\000p\000r\000o\000b\000l\000e\000m}{section.9}% 29
\BOOKMARK [2][-]{subsection.9.3}{\376\377\000W\000h\000a\000t\000\040\000t\000h\000i\000s\000\040\000d\000o\000e\000s\000\040\000n\000o\000t\000\040\000r\000e\000q\000u\000i\000r\000e}{section.9}% 30
\BOOKMARK [1][-]{section.10}{\376\377\000G\000o\000v\000e\000r\000n\000a\000n\000c\000e\000:\000\040\000t\000o\000p\000i\000c\000\040\000c\000l\000a\000s\000s\000i\000f\000i\000c\000a\000t\000i\000o\000n\000\040\000w\000i\000t\000h\000\040\000a\000p\000p\000e\000a\000l\000s}{}% 31
\BOOKMARK [2][-]{subsection.10.1}{\376\377\000B\000a\000s\000e\000l\000i\000n\000e\000\040\000t\000a\000x\000o\000n\000o\000m\000y\000\040\000a\000n\000d\000\040\000c\000l\000a\000s\000s\000i\000f\000i\000e\000r}{section.10}% 32
\BOOKMARK [2][-]{subsection.10.2}{\376\377\000A\000p\000p\000e\000a\000l\000s\000\040\000a\000n\000d\000\040\000a\000u\000d\000i\000t\000i\000n\000g}{section.10}% 33
\BOOKMARK [2][-]{subsection.10.3}{\376\377\000L\000e\000g\000a\000l\000\040\000f\000r\000a\000m\000e\000w\000o\000r\000k\000:\000\040\000c\000u\000r\000r\000e\000n\000t\000\040\000s\000t\000a\000t\000u\000s\000\040\000a\000n\000d\000\040\000a\000s\000p\000i\000r\000a\000t\000i\000o\000n\000s}{section.10}% 34
\BOOKMARK [1][-]{section.11}{\376\377\000D\000i\000s\000c\000u\000s\000s\000i\000o\000n\000:\000\040\000A\000I\000\040\000a\000u\000t\000h\000o\000r\000s\000h\000i\000p\000\040\000a\000n\000d\000\040\000d\000u\000r\000a\000b\000l\000e\000\040\000A\000I\000\040\000i\000d\000e\000n\000t\000i\000t\000y}{}% 35
\BOOKMARK [2][-]{subsection.11.1}{\376\377\000T\000h\000e\000\040\000c\000u\000r\000r\000e\000n\000t\000\040\000s\000t\000a\000t\000u\000s\000\040\000o\000f\000\040\000A\000I\000\040\000a\000u\000t\000h\000o\000r\000s\000h\000i\000p}{section.11}% 36
\BOOKMARK [2][-]{subsection.11.2}{\376\377\000W\000h\000y\000\040\000A\000I\000\040\000s\000y\000s\000t\000e\000m\000s\000\040\000a\000r\000e\000\040\000c\000u\000r\000r\000e\000n\000t\000l\000y\000\040\000j\000u\000n\000i\000o\000r\000\040\000a\000u\000t\000h\000o\000r\000s}{section.11}% 37
\BOOKMARK [2][-]{subsection.11.3}{\376\377\000T\000h\000e\000\040\000p\000h\000i\000l\000o\000s\000o\000p\000h\000i\000c\000a\000l\000\040\000g\000r\000o\000u\000n\000d\000i\000n\000g\000:\000\040\000P\000P\000A\000s\000\040\000a\000n\000d\000\040\000t\000h\000e\000\040\000r\000e\000c\000o\000g\000n\000i\000t\000i\000o\000n\000\040\000a\000r\000g\000u\000m\000e\000n\000t}{section.11}% 38
\BOOKMARK [1][-]{section.12}{\376\377\000I\000m\000p\000l\000e\000m\000e\000n\000t\000a\000t\000i\000o\000n\000\040\000r\000o\000a\000d\000m\000a\000p}{}% 39
\BOOKMARK [1][-]{section.13}{\376\377\000E\000t\000h\000i\000c\000s\000\040\000a\000n\000d\000\040\000s\000c\000h\000o\000l\000a\000r\000l\000y\000\040\000n\000o\000r\000m\000s}{}% 40
\BOOKMARK [1][-]{section*.9}{\376\377\000A\000u\000t\000h\000o\000r\000\040\000c\000o\000n\000t\000r\000i\000b\000u\000t\000i\000o\000n\000s}{}% 41
\BOOKMARK [1][-]{appendix.A}{\376\377\000C\000a\000n\000o\000n\000i\000c\000a\000l\000\040\000m\000a\000n\000i\000f\000e\000s\000t\000\040\000s\000k\000e\000t\000c\000h\000\040\000\050\000i\000n\000f\000o\000r\000m\000a\000l\000\051}{}% 42
\BOOKMARK [1][-]{section*.14}{\376\377\000A\000p\000p\000e\000n\000d\000i\000x\000\040\000A\000:\000\040\000D\000i\000a\000l\000o\000g\000u\000e\000\040\000R\000e\000c\000o\000r\000d}{}% 43
